../source/i2c.c:37:6:Pause	24	static
../source/i2c.c:46:6:i2c_init	8	static
../source/i2c.c:67:6:i2c_set_slave_address	16	static
../source/i2c.c:73:9:i2c_write_write	24	static
../source/i2c.c:101:9:i2c_write_read	24	static
../source/i2c.c:135:9:i2c_write_addr8_data8	16	static
../source/i2c.c:140:9:i2c_write_addr8_data32	16	static
../source/i2c.c:145:9:i2c_write_addr8_bytes	16	static
../source/i2c.c:150:9:i2c_read_addr8_data8	16	static
../source/i2c.c:155:9:i2c_read_addr8_data16	16	static
../source/i2c.c:160:9:i2c_read_addr8_data32	16	static
../source/i2c.c:165:9:i2c_read_addr8_bytes	16	static
