../source/i2c.c:28:6:i2c_init	8	static
../source/i2c.c:48:6:i2c_set_slave_address	16	static
../source/i2c.c:54:9:i2c_write_write	24	static
../source/i2c.c:76:9:i2c_write_read	24	static
../source/i2c.c:118:9:i2c_write_addr8_data8	16	static
../source/i2c.c:137:9:i2c_write_addr8_data32	16	static
../source/i2c.c:143:9:i2c_write_addr8_bytes	16	static
../source/i2c.c:149:9:i2c_read_addr8_data8	16	static
../source/i2c.c:177:9:i2c_read_addr8_data16	16	static
../source/i2c.c:183:9:i2c_read_addr8_data32	16	static
../source/i2c.c:189:9:i2c_read_addr8_bytes	16	static
