../source/nxp_i2c.c:25:6:i2c_init	8	static
../source/nxp_i2c.c:45:6:i2c_set_slave_address	16	static
../source/nxp_i2c.c:50:6:i2c_write_write	24	static
../source/nxp_i2c.c:69:6:i2c_read_read	24	static
../source/nxp_i2c.c:107:9:i2c_write_addr8_data8	16	static
../source/nxp_i2c.c:126:9:i2c_write_addr8_data32	16	static
../source/nxp_i2c.c:132:9:i2c_write_addr8_bytes	16	static
../source/nxp_i2c.c:138:9:i2c_read_addr8_data8	16	static
../source/nxp_i2c.c:164:9:i2c_read_addr8_data16	16	static
../source/nxp_i2c.c:170:9:i2c_read_addr8_data32	16	static
../source/nxp_i2c.c:176:9:i2c_read_addr8_bytes	16	static
