C:\Users\ajayk\Documents\MCUXpressoIDE_11.6.0_8187\workspace\RealTime_Collision_Avoidance\CMSIS/core_cm0plus.h:745:22:NVIC_EnableIRQ	16	static
C:\Users\ajayk\Documents\MCUXpressoIDE_11.6.0_8187\workspace\RealTime_Collision_Avoidance\CMSIS/core_cm0plus.h:756:22:NVIC_DisableIRQ	16	static
C:\Users\ajayk\Documents\MCUXpressoIDE_11.6.0_8187\workspace\RealTime_Collision_Avoidance\CMSIS/core_cm0plus.h:791:22:NVIC_ClearPendingIRQ	16	static
C:\Users\ajayk\Documents\MCUXpressoIDE_11.6.0_8187\workspace\RealTime_Collision_Avoidance\CMSIS/core_cm0plus.h:804:22:NVIC_SetPriority	24	static
../source/timer.c:22:6:init_systick	8	static
../source/timer.c:52:10:get_time_ms	8	static
../source/timer.c:58:6:delay_ms	24	static
../source/timer.c:68:6:SysTick_Handler	8	static
