../source/vl53l0x.c:84:13:device_is_booted	16	static
../source/vl53l0x.c:97:13:data_init	16	static
../source/vl53l0x.c:130:13:read_strobe	16	static
../source/vl53l0x.c:162:13:get_spad_info_from_nvm	40	static
../source/vl53l0x.c:221:13:set_spads_from_nvm	64	static
../source/vl53l0x.c:298:13:load_default_tuning_settings	176	static
../source/vl53l0x.c:326:13:configure_interrupt	16	static
../source/vl53l0x.c:353:13:set_sequence_steps_enabled	16	static
../source/vl53l0x.c:361:13:static_init	8	static
../source/vl53l0x.c:397:13:perform_single_ref_calibration	32	static
../source/vl53l0x.c:441:13:perform_ref_calibration	8	static
../source/vl53l0x.c:461:13:configure_address	16	static
../source/vl53l0x.c:467:13:delayApprox	24	static
../source/vl53l0x.c:480:13:init_address	16	static
../source/vl53l0x.c:504:13:init_addresses	8	static
../source/vl53l0x.c:520:13:init_config	16	static
../source/vl53l0x.c:550:6:vl53l0x_init	8	static
../source/vl53l0x.c:576:6:vl53l0x_read_range_single	48	static
../source/vl53l0x.c:645:6:vl53l0x_start_range_continuous	32	static
../source/vl53l0x.c:688:6:vl53l0x_is_ranging_complete	32	static
