../source/vl53l0x.c:85:13:device_is_booted	16	static
../source/vl53l0x.c:98:13:data_init	16	static
../source/vl53l0x.c:131:13:read_strobe	16	static
../source/vl53l0x.c:163:13:get_spad_info_from_nvm	40	static
../source/vl53l0x.c:222:13:set_spads_from_nvm	64	static
../source/vl53l0x.c:299:13:load_default_tuning_settings	176	static
../source/vl53l0x.c:327:13:configure_interrupt	16	static
../source/vl53l0x.c:354:13:set_sequence_steps_enabled	16	static
../source/vl53l0x.c:362:13:static_init	8	static
../source/vl53l0x.c:398:13:perform_single_ref_calibration	32	static
../source/vl53l0x.c:442:13:perform_ref_calibration	8	static
../source/vl53l0x.c:462:13:configure_address	16	static
../source/vl53l0x.c:468:13:delayApprox	24	static
../source/vl53l0x.c:481:13:init_address	16	static
../source/vl53l0x.c:505:13:init_addresses	8	static
../source/vl53l0x.c:521:13:init_config	16	static
../source/vl53l0x.c:551:6:vl53l0x_init	8	static
../source/vl53l0x.c:577:6:vl53l0x_read_range_single	48	static
../source/vl53l0x.c:654:6:vl53l0x_start_range_continuous	32	static
../source/vl53l0x.c:697:6:vl53l0x_is_ranging_complete	32	static
