../source/vl53l0x.c:83:13:device_is_booted	16	static
../source/vl53l0x.c:96:13:data_init	16	static
../source/vl53l0x.c:129:13:read_strobe	16	static
../source/vl53l0x.c:161:13:get_spad_info_from_nvm	40	static
../source/vl53l0x.c:220:13:set_spads_from_nvm	64	static
../source/vl53l0x.c:297:13:load_default_tuning_settings	176	static
../source/vl53l0x.c:325:13:configure_interrupt	16	static
../source/vl53l0x.c:352:13:set_sequence_steps_enabled	16	static
../source/vl53l0x.c:360:13:static_init	8	static
../source/vl53l0x.c:396:13:perform_single_ref_calibration	32	static
../source/vl53l0x.c:440:13:perform_ref_calibration	8	static
../source/vl53l0x.c:460:13:configure_address	16	static
../source/vl53l0x.c:466:13:delayApprox	24	static
../source/vl53l0x.c:479:13:init_address	16	static
../source/vl53l0x.c:503:13:init_addresses	8	static
../source/vl53l0x.c:519:13:init_config	16	static
../source/vl53l0x.c:549:6:vl53l0x_init	8	static
../source/vl53l0x.c:575:6:vl53l0x_read_range_single	48	static
../source/vl53l0x.c:652:6:vl53l0x_start_range_continuous	32	static
../source/vl53l0x.c:695:6:vl53l0x_is_ranging_complete	32	static
