../source/vl53l0x.c:82:13:device_is_booted	16	static
../source/vl53l0x.c:95:13:data_init	16	static
../source/vl53l0x.c:128:13:read_strobe	16	static
../source/vl53l0x.c:160:13:get_spad_info_from_nvm	40	static
../source/vl53l0x.c:219:13:set_spads_from_nvm	64	static
../source/vl53l0x.c:296:13:load_default_tuning_settings	176	static
../source/vl53l0x.c:324:13:configure_interrupt	16	static
../source/vl53l0x.c:351:13:set_sequence_steps_enabled	16	static
../source/vl53l0x.c:359:13:static_init	8	static
../source/vl53l0x.c:395:13:perform_single_ref_calibration	32	static
../source/vl53l0x.c:439:13:perform_ref_calibration	8	static
../source/vl53l0x.c:459:13:configure_address	16	static
../source/vl53l0x.c:465:13:delayApprox	24	static
../source/vl53l0x.c:478:13:init_address	16	static
../source/vl53l0x.c:502:13:init_addresses	8	static
../source/vl53l0x.c:518:13:init_config	16	static
../source/vl53l0x.c:548:6:vl53l0x_init	8	static
../source/vl53l0x.c:574:6:vl53l0x_read_range_single	48	static
../source/vl53l0x.c:651:6:vl53l0x_start_range_continuous	32	static
../source/vl53l0x.c:694:6:vl53l0x_is_ranging_complete	32	static
